{
    "abilities": [
        {
            "ability": {
                "name": "overgrow",
                "url": "https://pokeapi.co/api/v2/ability/65/"
            },
            "is_hidden": false,
            "slot": 1
        },
        {
            "ability": {
                "name": "chlorophyll",
                "url": "https://pokeapi.co/api/v2/ability/34/"
            },
            "is_hidden": true,
            "slot": 3
        }
    ],
    "base_experience": 64,
    "height": 7,
    "id": 1,
    "name": "bulbasaur",
    "order": 1,
    "sprites": {
        "back_default": "https://raw.githubusercontent.com/PokeAPI/sprites/master/sprites/pokemon/back/1.png",
        "back_shiny": "https://raw.githubusercontent.com/PokeAPI/sprites/master/sprites/pokemon/back/shiny/1.png",
        "front_default": "https://raw.githubusercontent.com/PokeAPI/sprites/master/sprites/pokemon/1.png",
        "front_shiny": "https://raw.githubusercontent.com/PokeAPI/sprites/master/sprites/pokemon/shiny/1.png"
    },
    "stats": [
        {
            "base_stat": 45,
            "effort": 0,
            "stat": {
                "name": "hp",
                "url": "https://pokeapi.co/api/v2/stat/1/"
            }
        },
        {
            "base_stat": 49,
            "effort": 0,
            "stat": {
                "name": "attack",
                "url": "https://pokeapi.co/api/v2/stat/2/"
            }
        }
    ],
    "weight": 69
}